Archive member included to satisfy reference by file (symbol)

c:/program files (x86)/gnu tools arm embedded/5.2 2015q4/bin/../lib/gcc/arm-none-eabi/5.2.1/armv6-m\libgcc.a(_udivsi3.o)
                              ./system/src/stm32f0-stdperiph/stm32f0xx_rcc.o (__aeabi_uidiv)
c:/program files (x86)/gnu tools arm embedded/5.2 2015q4/bin/../lib/gcc/arm-none-eabi/5.2.1/armv6-m\libgcc.a(_dvmd_tls.o)
                              c:/program files (x86)/gnu tools arm embedded/5.2 2015q4/bin/../lib/gcc/arm-none-eabi/5.2.1/armv6-m\libgcc.a(_udivsi3.o) (__aeabi_idiv0)
c:/program files (x86)/gnu tools arm embedded/5.2 2015q4/bin/../lib/gcc/arm-none-eabi/5.2.1/../../../../arm-none-eabi/lib/armv6-m\libg_nano.a(lib_a-errno.o)
                              ./system/src/newlib/_sbrk.o (__errno)
c:/program files (x86)/gnu tools arm embedded/5.2 2015q4/bin/../lib/gcc/arm-none-eabi/5.2.1/../../../../arm-none-eabi/lib/armv6-m\libg_nano.a(lib_a-impure.o)
                              c:/program files (x86)/gnu tools arm embedded/5.2 2015q4/bin/../lib/gcc/arm-none-eabi/5.2.1/../../../../arm-none-eabi/lib/armv6-m\libg_nano.a(lib_a-errno.o) (_impure_ptr)

Allocating common symbols
Common symbol       size              file

motor_speed         0x2               ./src/main.o
errno               0x4               ./system/src/newlib/_syscalls.o
target_rpm          0x2               ./src/main.o
halved_ticks        0x2               ./src/main.o
debouncer           0x4               ./src/main.o
SysTick_callback    0x4               ./src/delay.o
adc_value           0x1               ./src/main.o
error_integral      0x2               ./src/main.o
overshot            0x1               ./src/main.o
dir                 0x1               ./src/main.o
delay_tics          0x4               ./src/delay.o
error               0x2               ./src/main.o
motor_ticks         0x2               ./src/main.o
duty_cycle          0x1               ./src/main.o

Discarded input sections

 .group         0x00000000        0x8 ./system/src/stm32f0-stdperiph/stm32f0xx_gpio.o
 .group         0x00000000        0x8 ./system/src/stm32f0-stdperiph/stm32f0xx_gpio.o
 .group         0x00000000        0x8 ./system/src/stm32f0-stdperiph/stm32f0xx_gpio.o
 .group         0x00000000        0x8 ./system/src/stm32f0-stdperiph/stm32f0xx_gpio.o
 .group         0x00000000        0x8 ./system/src/stm32f0-stdperiph/stm32f0xx_gpio.o
 .group         0x00000000        0x8 ./system/src/stm32f0-stdperiph/stm32f0xx_gpio.o
 .group         0x00000000        0x8 ./system/src/stm32f0-stdperiph/stm32f0xx_gpio.o
 .group         0x00000000        0x8 ./system/src/stm32f0-stdperiph/stm32f0xx_gpio.o
 .group         0x00000000        0x8 ./system/src/stm32f0-stdperiph/stm32f0xx_gpio.o
 .group         0x00000000        0x8 ./system/src/stm32f0-stdperiph/stm32f0xx_gpio.o
 .group         0x00000000        0x8 ./system/src/stm32f0-stdperiph/stm32f0xx_gpio.o
 .group         0x00000000        0x8 ./system/src/stm32f0-stdperiph/stm32f0xx_gpio.o
 .group         0x00000000        0x8 ./system/src/stm32f0-stdperiph/stm32f0xx_gpio.o
 .group         0x00000000        0x8 ./system/src/stm32f0-stdperiph/stm32f0xx_gpio.o
 .group         0x00000000        0x8 ./system/src/stm32f0-stdperiph/stm32f0xx_gpio.o
 .group         0x00000000        0x8 ./system/src/stm32f0-stdperiph/stm32f0xx_gpio.o
 .group         0x00000000        0x8 ./system/src/stm32f0-stdperiph/stm32f0xx_gpio.o
 .group         0x00000000        0x8 ./system/src/stm32f0-stdperiph/stm32f0xx_gpio.o
 .group         0x00000000        0x8 ./system/src/stm32f0-stdperiph/stm32f0xx_gpio.o
 .group         0x00000000        0x8 ./system/src/stm32f0-stdperiph/stm32f0xx_gpio.o
 .group         0x00000000        0x8 ./system/src/stm32f0-stdperiph/stm32f0xx_gpio.o
 .group         0x00000000        0x8 ./system/src/stm32f0-stdperiph/stm32f0xx_gpio.o
 .group         0x00000000        0x8 ./system/src/stm32f0-stdperiph/stm32f0xx_gpio.o
 .group         0x00000000        0x8 ./system/src/stm32f0-stdperiph/stm32f0xx_gpio.o
 .group         0x00000000        0x8 ./system/src/stm32f0-stdperiph/stm32f0xx_gpio.o
 .group         0x00000000        0x8 ./system/src/stm32f0-stdperiph/stm32f0xx_gpio.o
 .group         0x00000000        0x8 ./system/src/stm32f0-stdperiph/stm32f0xx_gpio.o
 .group         0x00000000        0x8 ./system/src/stm32f0-stdperiph/stm32f0xx_gpio.o
 .group         0x00000000        0x8 ./system/src/stm32f0-stdperiph/stm32f0xx_gpio.o
 .group         0x00000000        0x8 ./system/src/stm32f0-stdperiph/stm32f0xx_gpio.o
 .text          0x00000000        0x0 ./system/src/stm32f0-stdperiph/stm32f0xx_gpio.o
 .data          0x00000000        0x0 ./system/src/stm32f0-stdperiph/stm32f0xx_gpio.o
 .bss           0x00000000        0x0 ./system/src/stm32f0-stdperiph/stm32f0xx_gpio.o
 .text.GPIO_DeInit
                0x00000000       0xf4 ./system/src/stm32f0-stdperiph/stm32f0xx_gpio.o
 .text.GPIO_Init
[...]
Memory Configuration

Name             Origin             Length             Attributes
RAM              0x20000000         0x00002000         xrw
CCMRAM           0x00000000         0x00000000         xrw
FLASH            0x08000000         0x00010000         xr
FLASHB1          0x00000000         0x00000000         xr
EXTMEMB0         0x00000000         0x00000000         xr
EXTMEMB1         0x00000000         0x00000000         xr
EXTMEMB2         0x00000000         0x00000000         xr
EXTMEMB3         0x00000000         0x00000000         xr
MEMORY_ARRAY     0x00000000         0x00000000         xrw
*default*        0x00000000         0xffffffff

Linker script and memory map

LOAD ./system/src/stm32f0-stdperiph/stm32f0xx_gpio.o
LOAD ./system/src/stm32f0-stdperiph/stm32f0xx_rcc.o
LOAD ./system/src/newlib/_cxx.o
LOAD ./system/src/newlib/_exit.o
LOAD ./system/src/newlib/_sbrk.o
LOAD ./system/src/newlib/_startup.o
LOAD ./system/src/newlib/_syscalls.o
LOAD ./system/src/newlib/assert.o
LOAD ./system/src/diag/Trace.o
LOAD ./system/src/diag/trace_impl.o
LOAD ./system/src/cortexm/_initialize_hardware.o
LOAD ./system/src/cortexm/_reset_hardware.o
LOAD ./system/src/cortexm/exception_handlers.o
LOAD ./system/src/cmsis/system_stm32f0xx.o
LOAD ./system/src/cmsis/vectors_stm32f0xx.o
LOAD ./src/_write.o
LOAD ./src/delay.o
LOAD ./src/main.o
LOAD ./src/motor.o
LOAD c:/program files (x86)/gnu tools arm embedded/5.2 2015q4/bin/../lib/gcc/arm-none-eabi/5.2.1/../../../../arm-none-eabi/lib/armv6-m\libstdc++_nano.a
LOAD c:/program files (x86)/gnu tools arm embedded/5.2 2015q4/bin/../lib/gcc/arm-none-eabi/5.2.1/../../../../arm-none-eabi/lib/armv6-m\libm.a
START GROUP
LOAD c:/program files (x86)/gnu tools arm embedded/5.2 2015q4/bin/../lib/gcc/arm-none-eabi/5.2.1/armv6-m\libgcc.a
LOAD c:/program files (x86)/gnu tools arm embedded/5.2 2015q4/bin/../lib/gcc/arm-none-eabi/5.2.1/../../../../arm-none-eabi/lib/armv6-m\libg_nano.a
LOAD c:/program files (x86)/gnu tools arm embedded/5.2 2015q4/bin/../lib/gcc/arm-none-eabi/5.2.1/../../../../arm-none-eabi/lib/armv6-m\libc_nano.a
END GROUP
START GROUP
LOAD c:/program files (x86)/gnu tools arm embedded/5.2 2015q4/bin/../lib/gcc/arm-none-eabi/5.2.1/armv6-m\libgcc.a
LOAD c:/program files (x86)/gnu tools arm embedded/5.2 2015q4/bin/../lib/gcc/arm-none-eabi/5.2.1/../../../../arm-none-eabi/lib/armv6-m\libc_nano.a
END GROUP
                0x20002000                __stack = (ORIGIN (RAM) + LENGTH (RAM))
                0x20002000                _estack = __stack
                0x00000400                __Main_Stack_Size = 0x400
                [!provide]                PROVIDE (_Main_Stack_Size, __Main_Stack_Size)
                0x20001c00                __Main_Stack_Limit = (__stack - __Main_Stack_Size)
                [!provide]                PROVIDE (_Main_Stack_Limit, __Main_Stack_Limit)
                0x00000100                _Minimum_Stack_Size = 0x100
                0x20000058                PROVIDE (_Heap_Begin, _end_noinit)
                0x20001c00                PROVIDE (_Heap_Limit, (__stack - __Main_Stack_Size))

.isr_vector     0x08000000      0x218
 FILL mask 0xff
                0x08000000                __vectors_start = ABSOLUTE (.)
                0x08000000                __vectors_start__ = ABSOLUTE (.)
 *(.isr_vector)
 .isr_vector    0x08000000       0xc4 ./system/src/cmsis/vectors_stm32f0xx.o
                0x08000000                g_pfnVectors
 *(.cfmconfig)
 *(.after_vectors .after_vectors.*)
 .after_vectors
                0x080000c4      0x118 ./system/src/newlib/_startup.o
                0x080000c4                _start
 .after_vectors
                0x080001dc       0x38 ./system/src/cortexm/exception_handlers.o
                0x080001dc                Reset_Handler
                0x080001e4                NMI_Handler
                0x080001e8                HardFault_Handler
                0x08000200                HardFault_Handler_C
                0x08000204                SVC_Handler
                0x08000208                PendSV_Handler
 .after_vectors
                0x08000214        0x4 ./system/src/cmsis/vectors_stm32f0xx.o
                0x08000214                TIM1_CC_IRQHandler
                0x08000214                TSC_IRQHandler
                0x08000214                ADC1_COMP_IRQHandler
                0x08000214                PVD_IRQHandler
                0x08000214                I2C1_IRQHandler
                0x08000214                RCC_CRS_IRQHandler
                0x08000214                SPI1_IRQHandler
                0x08000214                USART3_4_IRQHandler
                0x08000214                EXTI2_3_IRQHandler
                0x08000214                ADC1_IRQHandler
                0x08000214                I2C2_IRQHandler
                0x08000214                TIM17_IRQHandler
                0x08000214                CEC_CAN_IRQHandler
                0x08000214                RTC_IRQHandler
                0x08000214                PVD_VDDIO2_IRQHandler
                0x08000214                DMA1_Channel4_5_6_7_IRQHandler
                0x08000214                TIM16_IRQHandler
                0x08000214                TIM3_IRQHandler
                0x08000214                RCC_IRQHandler
                0x08000214                EXTI4_15_IRQHandler
                0x08000214                DMA1_Channel1_IRQHandler
                0x08000214                Default_Handler
                0x08000214                CEC_IRQHandler
                0x08000214                TIM14_IRQHandler
                0x08000214                DMA1_Channel4_5_IRQHandler
                0x08000214                TIM7_IRQHandler
                0x08000214                TIM15_IRQHandler
                0x08000214                EXTI0_1_IRQHandler
                0x08000214                USB_IRQHandler
                0x08000214                SPI2_IRQHandler
                0x08000214                TS_IRQHandler
                0x08000214                WWDG_IRQHandler
                0x08000214                TIM2_IRQHandler
                0x08000214                DMA1_Channel2_3_IRQHandler
                0x08000214                USART2_IRQHandler
                0x08000214                FLASH_IRQHandler
                0x08000214                USART1_IRQHandler
                0x08000214                TIM1_BRK_UP_TRG_COM_IRQHandler

.inits          0x08000218       0x28
                0x08000218                __data_regions_array_start = .
                0x08000218        0x4 LONG 0x8000c84 LOADADDR (.data)
                0x0800021c        0x4 LONG 0x20000000 ADDR (.data)
                0x08000220        0x4 LONG 0x20000028 (ADDR (.data) + SIZEOF (.data))
                0x08000224        0x4 LONG 0x8000c84 LOADADDR (.data_CCMRAM)
                0x08000228        0x4 LONG 0x0 ADDR (.data_CCMRAM)
                0x0800022c        0x4 LONG 0x0 (ADDR (.data_CCMRAM) + SIZEOF (.data_CCMRAM))
                0x08000230                __data_regions_array_end = .
                0x08000230                __bss_regions_array_start = .
                0x08000230        0x4 LONG 0x20000028 ADDR (.bss)
                0x08000234        0x4 LONG 0x20000058 (ADDR (.bss) + SIZEOF (.bss))
                0x08000238        0x4 LONG 0x0 ADDR (.bss_CCMRAM)
                0x0800023c        0x4 LONG 0x0 (ADDR (.bss_CCMRAM) + SIZEOF (.bss_CCMRAM))
                0x08000240                __bss_regions_array_end = .
 *(.init)
 *(.fini)
                0x08000240                . = ALIGN (0x4)
                0x08000240                PROVIDE (__preinit_array_start, .)
 *(.preinit_array_sysinit .preinit_array_sysinit.*)
 *(.preinit_array_platform .preinit_array_platform.*)
 *(.preinit_array .preinit_array.*)
                0x08000240                PROVIDE (__preinit_array_end, .)
                0x08000240                . = ALIGN (0x4)
                0x08000240                PROVIDE (__init_array_start, .)
 *(SORT(.init_array.*))
 *(.init_array)
                0x08000240                PROVIDE (__init_array_end, .)
                0x08000240                . = ALIGN (0x4)
                0x08000240                PROVIDE (__fini_array_start, .)
 *(SORT(.fini_array.*))
 *(.fini_array)
                0x08000240                PROVIDE (__fini_array_end, .)

.flashtext
 *(.flashtext .flashtext.*)

.text           0x08000240      0xa44
 *(.text .text.*)
 .text._exit    0x08000240        0x4 ./system/src/newlib/_exit.o
                0x08000240                _exit
 .text.__initialize_args
                0x08000244       0x10 ./system/src/newlib/_syscalls.o
                0x08000244                __initialize_args
 .text.__initialize_hardware_early
                0x08000254        0x8 ./system/src/cortexm/_initialize_hardware.o
                0x08000254                __initialize_hardware_early
 .text.__initialize_hardware
                0x0800025c        0x8 ./system/src/cortexm/_initialize_hardware.o
                0x0800025c                __initialize_hardware
 .text.SetSysClock
                0x08000264       0xb0 ./system/src/cmsis/system_stm32f0xx.o
 .text.SystemInit
                0x08000314       0x64 ./system/src/cmsis/system_stm32f0xx.o
                0x08000314                SystemInit
 .text.SystemCoreClockUpdate
                0x08000378       0x94 ./system/src/cmsis/system_stm32f0xx.o
                0x08000378                SystemCoreClockUpdate
 .text.delay_init
                0x0800040c       0x68 ./src/delay.o
                0x0800040c                delay_init
 .text.delay_ms
                0x08000474       0x18 ./src/delay.o
                0x08000474                delay_ms
 .text.SysTick_setCallback
                0x0800048c        0xc ./src/delay.o
                0x0800048c                SysTick_setCallback
 .text.SysTick_Handler
                0x08000498       0x28 ./src/delay.o
                0x08000498                SysTick_Handler
 .text.debounce_button
                0x080004c0       0x24 ./src/main.o
                0x080004c0                debounce_button
 .text.LED_init
                0x080004e4       0x48 ./src/main.o
                0x080004e4                LED_init
 .text.button_init
                0x0800052c       0x34 ./src/main.o
                0x0800052c                button_init
 .text.main     0x08000560       0x6c ./src/main.o
                0x08000560                main
 .text.set_initial_target_rpm
                0x080005cc       0x58 ./src/motor.o
                0x080005cc                set_initial_target_rpm
 .text.apply_electronic_break
                0x08000624       0x1c ./src/motor.o
                0x08000624                apply_electronic_break
 .text.move_motor
                0x08000640      0x1ec ./src/motor.o
                0x08000640                move_motor
 .text.pwm_init
                0x0800082c       0xa0 ./src/motor.o
                0x0800082c                pwm_init
 .text.pwm_setDutyCycle
                0x080008cc       0x1c ./src/motor.o
                0x080008cc                pwm_setDutyCycle
 .text.encoder_init
                0x080008e8       0xbc ./src/motor.o
                0x080008e8                encoder_init
 .text.ADC_init
                0x080009a4       0x80 ./src/motor.o
                0x080009a4                ADC_init
 .text.motor_init
                0x08000a24       0x10 ./src/motor.o
                0x08000a24                motor_init
 .text.PI_update
                0x08000a34       0xfc ./src/motor.o
                0x08000a34                PI_update
 .text.TIM6_DAC_IRQHandler
                0x08000b30       0x3c ./src/motor.o
                0x08000b30                TIM6_DAC_IRQHandler
 .text          0x08000b6c      0x114 c:/program files (x86)/gnu tools arm embedded/5.2 2015q4/bin/../lib/gcc/arm-none-eabi/5.2.1/armv6-m\libgcc.a(_udivsi3.o)
                0x08000b6c                __aeabi_uidiv
                0x08000b6c                __udivsi3
                0x08000c78                __aeabi_uidivmod
 .text          0x08000c80        0x4 c:/program files (x86)/gnu tools arm embedded/5.2 2015q4/bin/../lib/gcc/arm-none-eabi/5.2.1/armv6-m\libgcc.a(_dvmd_tls.o)
                0x08000c80                __aeabi_idiv0
                0x08000c80                __aeabi_ldiv0
 *(.rodata .rodata.* .constdata .constdata.*)
 *(vtable)
 *(.eh_frame*)
 *(.glue_7)
 .glue_7        0x08000c84        0x0 linker stubs
 *(.glue_7t)
 .glue_7t       0x08000c84        0x0 linker stubs

.vfp11_veneer   0x08000c84        0x0
 .vfp11_veneer  0x08000c84        0x0 linker stubs

.v4_bx          0x08000c84        0x0
 .v4_bx         0x08000c84        0x0 linker stubs

.iplt           0x08000c84        0x0
 .iplt          0x08000c84        0x0 ./system/src/stm32f0-stdperiph/stm32f0xx_gpio.o

.rel.dyn        0x08000c84        0x0
 .rel.iplt      0x08000c84        0x0 ./system/src/stm32f0-stdperiph/stm32f0xx_gpio.o

.ARM.extab
 *(.ARM.extab* .gnu.linkonce.armextab.*)
                0x08000c84                . = ALIGN (0x4)
                0x08000c84                __exidx_start = .

.ARM.exidx
 *(.ARM.exidx* .gnu.linkonce.armexidx.*)
                0x08000c84                __exidx_end = .
                0x08000c84                . = ALIGN (0x4)
                0x08000c84                _etext = .
                0x08000c84                __etext = .

.data_CCMRAM    0x00000000        0x0 load address 0x08000c84
 FILL mask 0xff
 *(.data.CCMRAM .data.CCMRAM.*)
                0x00000000                . = ALIGN (0x4)
                0x08000c84                _sidata = LOADADDR (.data)

.data           0x20000000       0x28 load address 0x08000c84
 FILL mask 0xff
                0x20000000                _sdata = .
                0x20000000                __data_start__ = .
 *(.data_begin .data_begin.*)
 .data_begin    0x20000000        0x4 ./system/src/newlib/_startup.o
 *(.data .data.*)
 .data.argv.4231
                0x20000004        0x8 ./system/src/newlib/_syscalls.o
 .data.AHBPrescTable
                0x2000000c       0x10 ./system/src/cmsis/system_stm32f0xx.o
                0x2000000c                AHBPrescTable
 .data.SystemCoreClock
                0x2000001c        0x4 ./system/src/cmsis/system_stm32f0xx.o
                0x2000001c                SystemCoreClock
 .data.Kp       0x20000020        0x1 ./src/motor.o
                0x20000020                Kp
 .data.Ki       0x20000021        0x1 ./src/motor.o
                0x20000021                Ki
 *(.data_end .data_end.*)
 *fill*         0x20000022        0x2 ff
 .data_end      0x20000024        0x4 ./system/src/newlib/_startup.o
                0x20000028                . = ALIGN (0x4)
                0x20000028                _edata = .
                0x20000028                __data_end__ = .

.igot.plt       0x20000028        0x0 load address 0x08000cac
 .igot.plt      0x20000028        0x0 ./system/src/stm32f0-stdperiph/stm32f0xx_gpio.o

.bss_CCMRAM     0x00000000        0x0
 *(.bss.CCMRAM .bss.CCMRAM.*)

.bss            0x20000028       0x30
                0x20000028                __bss_start__ = .
                0x20000028                _sbss = .
 *(.bss_begin .bss_begin.*)
 .bss_begin     0x20000028        0x4 ./system/src/newlib/_startup.o
 *(.bss .bss.*)
 .bss.name.4230
                0x2000002c        0x1 ./system/src/newlib/_syscalls.o
 *fill*         0x2000002d        0x3 
 .bss.encoder_count
                0x20000030        0x4 ./src/main.o
                0x20000030                encoder_count
 *(COMMON)
 COMMON         0x20000034        0x8 ./src/delay.o
                0x20000034                SysTick_callback
                0x20000038                delay_tics
 COMMON         0x2000003c       0x17 ./src/main.o
                0x2000003c                motor_speed
                0x2000003e                target_rpm
                0x20000040                halved_ticks
                0x20000044                debouncer
                0x20000048                adc_value
                0x2000004a                error_integral
                0x2000004c                overshot
                0x2000004d                dir
                0x2000004e                error
                0x20000050                motor_ticks
                0x20000052                duty_cycle
 *(.bss_end .bss_end.*)
 *fill*         0x20000053        0x1 
 .bss_end       0x20000054        0x4 ./system/src/newlib/_startup.o
                0x20000058                . = ALIGN (0x4)
                0x20000058                __bss_end__ = .
                0x20000058                _ebss = .

.noinit_CCMRAM
 *(.noinit.CCMRAM .noinit.CCMRAM.*)

.noinit         0x20000058        0x0
                0x20000058                _noinit = .
 *(.noinit .noinit.*)
                0x20000058                . = ALIGN (0x4)
                0x20000058                _end_noinit = .
                [!provide]                PROVIDE (end, _end_noinit)
                [!provide]                PROVIDE (_end, _end_noinit)
                [!provide]                PROVIDE (__end, _end_noinit)
                [!provide]                PROVIDE (__end__, _end_noinit)

._check_stack   0x20000058      0x100
                0x20000158                . = (. + _Minimum_Stack_Size)
 *fill*         0x20000058      0x100 

.b1text
 *(.b1text)
 *(.b1rodata)
 *(.b1rodata.*)

.eb0text
 *(.eb0text)
 *(.eb0rodata)
 *(.eb0rodata.*)

.eb1text
 *(.eb1text)
 *(.eb1rodata)
 *(.eb1rodata.*)

.eb2text
 *(.eb2text)
 *(.eb2rodata)
 *(.eb2rodata.*)

.eb3text
 *(.eb3text)
 *(.eb3rodata)
 *(.eb3rodata.*)

.stab
 *(.stab)

.stabstr
 *(.stabstr)

.stab.excl
 *(.stab.excl)

.stab.exclstr
 *(.stab.exclstr)

.stab.index
 *(.stab.index)

.stab.indexstr
 *(.stab.indexstr)

.comment        0x00000000       0x6e
 *(.comment)
 .comment       0x00000000       0x6e ./system/src/newlib/_exit.o
                                 0x6f (size before relaxing)
 .comment       0x0000006e       0x6f ./system/src/newlib/_startup.o
 .comment       0x0000006e       0x6f ./system/src/newlib/_syscalls.o
 .comment       0x0000006e       0x6f ./system/src/cortexm/_initialize_hardware.o
 .comment       0x0000006e       0x6f ./system/src/cortexm/exception_handlers.o
 .comment       0x0000006e       0x6f ./system/src/cmsis/system_stm32f0xx.o
 .comment       0x0000006e       0x6f ./system/src/cmsis/vectors_stm32f0xx.o
 .comment       0x0000006e       0x6f ./src/delay.o
 .comment       0x0000006e       0x6f ./src/main.o
 .comment       0x0000006e       0x6f ./src/motor.o

.ARM.attributes
                0x00000000       0x31
 .ARM.attributes
                0x00000000       0x31 ./system/src/newlib/_exit.o
 .ARM.attributes
                0x00000031       0x31 ./system/src/newlib/_startup.o
 .ARM.attributes
                0x00000062       0x31 ./system/src/newlib/_syscalls.o
 .ARM.attributes
                0x00000093       0x31 ./system/src/cortexm/_initialize_hardware.o
 .ARM.attributes
                0x000000c4       0x31 ./system/src/cortexm/exception_handlers.o
 .ARM.attributes
                0x000000f5       0x31 ./system/src/cmsis/system_stm32f0xx.o
 .ARM.attributes
                0x00000126       0x31 ./system/src/cmsis/vectors_stm32f0xx.o
 .ARM.attributes
                0x00000157       0x31 ./src/delay.o
 .ARM.attributes
                0x00000188       0x31 ./src/main.o
 .ARM.attributes
                0x000001b9       0x31 ./src/motor.o
 .ARM.attributes
                0x000001ea       0x1e c:/program files (x86)/gnu tools arm embedded/5.2 2015q4/bin/../lib/gcc/arm-none-eabi/5.2.1/armv6-m\libgcc.a(_udivsi3.o)
 .ARM.attributes
                0x00000208       0x1e c:/program files (x86)/gnu tools arm embedded/5.2 2015q4/bin/../lib/gcc/arm-none-eabi/5.2.1/armv6-m\libgcc.a(_dvmd_tls.o)

.debug
 *(.debug)

.line
 *(.line)

.debug_srcinfo
 *(.debug_srcinfo)

.debug_sfnames
 *(.debug_sfnames)

.debug_aranges  0x00000000      0x240
 *(.debug_aranges)
 .debug_aranges
                0x00000000       0x28 ./system/src/newlib/_exit.o
 .debug_aranges
                0x00000028       0x40 ./system/src/newlib/_startup.o
 .debug_aranges
                0x00000068       0x30 ./system/src/newlib/_syscalls.o
 .debug_aranges
                0x00000098       0x28 ./system/src/cortexm/_initialize_hardware.o
 .debug_aranges
                0x000000c0       0x50 ./system/src/cortexm/exception_handlers.o
 .debug_aranges
                0x00000110       0x30 ./system/src/cmsis/system_stm32f0xx.o
 .debug_aranges
                0x00000140       0x20 ./system/src/cmsis/vectors_stm32f0xx.o
 .debug_aranges
                0x00000160       0x40 ./src/delay.o
 .debug_aranges
                0x000001a0       0x38 ./src/main.o
 .debug_aranges
                0x000001d8       0x68 ./src/motor.o

.debug_pubnames
 *(.debug_pubnames)

.debug_info     0x00000000     0x2368
 *(.debug_info .gnu.linkonce.wi.*)
 .debug_info    0x00000000       0xee ./system/src/newlib/_exit.o
 .debug_info    0x000000ee      0x454 ./system/src/newlib/_startup.o
 .debug_info    0x00000542      0x1bc ./system/src/newlib/_syscalls.o
 .debug_info    0x000006fe       0xcb ./system/src/cortexm/_initialize_hardware.o
 .debug_info    0x000007c9      0x1c4 ./system/src/cortexm/exception_handlers.o
 .debug_info    0x0000098d      0x2ec ./system/src/cmsis/system_stm32f0xx.o
 .debug_info    0x00000c79       0xd1 ./system/src/cmsis/vectors_stm32f0xx.o
 .debug_info    0x00000d4a      0x4ea ./src/delay.o
 .debug_info    0x00001234      0x651 ./src/main.o
 .debug_info    0x00001885      0xae3 ./src/motor.o

.debug_abbrev   0x00000000      0xc4e
 *(.debug_abbrev)
 .debug_abbrev  0x00000000       0xbd ./system/src/newlib/_exit.o
 .debug_abbrev  0x000000bd      0x1ac ./system/src/newlib/_startup.o
 .debug_abbrev  0x00000269       0xec ./system/src/newlib/_syscalls.o
 .debug_abbrev  0x00000355       0x63 ./system/src/cortexm/_initialize_hardware.o
 .debug_abbrev  0x000003b8      0x100 ./system/src/cortexm/exception_handlers.o
 .debug_abbrev  0x000004b8      0x148 ./system/src/cmsis/system_stm32f0xx.o
 .debug_abbrev  0x00000600       0x9d ./system/src/cmsis/vectors_stm32f0xx.o
 .debug_abbrev  0x0000069d      0x20c ./src/delay.o
 .debug_abbrev  0x000008a9      0x152 ./src/main.o
 .debug_abbrev  0x000009fb      0x253 ./src/motor.o

.debug_line     0x00000000     0x2b50
 *(.debug_line)
 .debug_line    0x00000000      0x30d ./system/src/newlib/_exit.o
 .debug_line    0x0000030d      0x376 ./system/src/newlib/_startup.o
 .debug_line    0x00000683      0x3c4 ./system/src/newlib/_syscalls.o
 .debug_line    0x00000a47      0x382 ./system/src/cortexm/_initialize_hardware.o
 .debug_line    0x00000dc9      0x627 ./system/src/cortexm/exception_handlers.o
 .debug_line    0x000013f0      0x3c0 ./system/src/cmsis/system_stm32f0xx.o
 .debug_line    0x000017b0      0x103 ./system/src/cmsis/vectors_stm32f0xx.o
 .debug_line    0x000018b3      0x56a ./src/delay.o
 .debug_line    0x00001e1d      0x614 ./src/main.o
 .debug_line    0x00002431      0x71f ./src/motor.o

.debug_frame    0x00000000      0x420
 *(.debug_frame)
 .debug_frame   0x00000000       0x38 ./system/src/newlib/_exit.o
 .debug_frame   0x00000038       0x80 ./system/src/newlib/_startup.o
 .debug_frame   0x000000b8       0x50 ./system/src/newlib/_syscalls.o
 .debug_frame   0x00000108       0x40 ./system/src/cortexm/_initialize_hardware.o
 .debug_frame   0x00000148       0x88 ./system/src/cortexm/exception_handlers.o
 .debug_frame   0x000001d0       0x54 ./system/src/cmsis/system_stm32f0xx.o
 .debug_frame   0x00000224       0x20 ./system/src/cmsis/vectors_stm32f0xx.o
 .debug_frame   0x00000244       0x70 ./src/delay.o
 .debug_frame   0x000002b4       0x58 ./src/main.o
 .debug_frame   0x0000030c       0xf4 ./src/motor.o
 .debug_frame   0x00000400       0x20 c:/program files (x86)/gnu tools arm embedded/5.2 2015q4/bin/../lib/gcc/arm-none-eabi/5.2.1/armv6-m\libgcc.a(_udivsi3.o)

.debug_str      0x00000000    0x45797
 *(.debug_str)
 .debug_str     0x00000000     0x66e0 ./system/src/newlib/_exit.o
                               0x684a (size before relaxing)
 .debug_str     0x000066e0      0xbbf ./system/src/newlib/_startup.o
                               0x57f6 (size before relaxing)
 .debug_str     0x0000729f     0x1275 ./system/src/newlib/_syscalls.o
                               0x6aa3 (size before relaxing)
 .debug_str     0x00008514    0x3c1f4 ./system/src/cortexm/_initialize_hardware.o
                              0x3f06a (size before relaxing)
 .debug_str     0x00044708      0x15f ./system/src/cortexm/exception_handlers.o
                              0x43482 (size before relaxing)
 .debug_str     0x00044867      0x118 ./system/src/cmsis/system_stm32f0xx.o
                              0x3f118 (size before relaxing)
 .debug_str     0x0004497f       0x56 ./system/src/cmsis/vectors_stm32f0xx.o
                               0x2ee0 (size before relaxing)
 .debug_str     0x000449d5      0x307 ./src/delay.o
                              0x41f8c (size before relaxing)
 .debug_str     0x00044cdc      0x9df ./src/main.o
                              0x43eb3 (size before relaxing)
 .debug_str     0x000456bb       0xdc ./src/motor.o
                              0x44142 (size before relaxing)

.debug_loc      0x00000000      0x5a5
 *(.debug_loc)
 .debug_loc     0x00000000      0x265 ./system/src/newlib/_startup.o
 .debug_loc     0x00000265       0x63 ./system/src/newlib/_syscalls.o
 .debug_loc     0x000002c8       0xee ./system/src/cmsis/system_stm32f0xx.o
 .debug_loc     0x000003b6       0x82 ./src/delay.o
 .debug_loc     0x00000438       0x42 ./src/main.o
 .debug_loc     0x0000047a      0x12b ./src/motor.o

.debug_macinfo
 *(.debug_macinfo)

.debug_weaknames
 *(.debug_weaknames)

.debug_funcnames
 *(.debug_funcnames)

.debug_typenames
 *(.debug_typenames)

.debug_varnames
 *(.debug_varnames)
OUTPUT(DCMotorControl.elf elf32-littlearm)

.debug_ranges   0x00000000      0x1b8
 .debug_ranges  0x00000000       0x18 ./system/src/newlib/_exit.o
 .debug_ranges  0x00000018       0x48 ./system/src/newlib/_startup.o
 .debug_ranges  0x00000060       0x20 ./system/src/newlib/_syscalls.o
 .debug_ranges  0x00000080       0x18 ./system/src/cortexm/_initialize_hardware.o
 .debug_ranges  0x00000098       0x40 ./system/src/cortexm/exception_handlers.o
 .debug_ranges  0x000000d8       0x20 ./system/src/cmsis/system_stm32f0xx.o
 .debug_ranges  0x000000f8       0x10 ./system/src/cmsis/vectors_stm32f0xx.o
 .debug_ranges  0x00000108       0x30 ./src/delay.o
 .debug_ranges  0x00000138       0x28 ./src/main.o
 .debug_ranges  0x00000160       0x58 ./src/motor.o

.debug_macro    0x00000000     0x22be
 .debug_macro   0x00000000      0x172 ./system/src/newlib/_exit.o
 .debug_macro   0x00000172       0x9c ./system/src/newlib/_exit.o
 .debug_macro   0x0000020e      0x10e ./system/src/newlib/_exit.o
 .debug_macro   0x0000031c       0x8d ./system/src/newlib/_exit.o
 .debug_macro   0x000003a9       0x43 ./system/src/newlib/_exit.o
 .debug_macro   0x000003ec      0x329 ./system/src/newlib/_exit.o
 .debug_macro   0x00000715       0x35 ./system/src/newlib/_exit.o
 .debug_macro   0x0000074a      0x138 ./system/src/newlib/_startup.o
 .debug_macro   0x00000882      0x1c6 ./system/src/newlib/_syscalls.o
 .debug_macro   0x00000a48       0x1c ./system/src/newlib/_syscalls.o
 .debug_macro   0x00000a64       0x10 ./system/src/newlib/_syscalls.o
 .debug_macro   0x00000a74       0x10 ./system/src/newlib/_syscalls.o
 .debug_macro   0x00000a84       0x10 ./system/src/newlib/_syscalls.o
 .debug_macro   0x00000a94       0x35 ./system/src/newlib/_syscalls.o
 .debug_macro   0x00000ac9      0x122 ./system/src/newlib/_syscalls.o
 .debug_macro   0x00000beb       0x88 ./system/src/newlib/_syscalls.o
 .debug_macro   0x00000c73       0x2b ./system/src/newlib/_syscalls.o
 .debug_macro   0x00000c9e      0x118 ./system/src/newlib/_syscalls.o
 .debug_macro   0x00000db6      0x159 ./system/src/newlib/_syscalls.o
 .debug_macro   0x00000f0f       0x16 ./system/src/newlib/_syscalls.o
 .debug_macro   0x00000f25      0x165 ./system/src/cortexm/_initialize_hardware.o
 .debug_macro   0x0000108a      0x2cf ./system/src/cortexm/exception_handlers.o
 .debug_macro   0x00001359       0x3b ./system/src/cortexm/exception_handlers.o
 .debug_macro   0x00001394       0x22 ./system/src/cortexm/exception_handlers.o
 .debug_macro   0x000013b6       0x10 ./system/src/cortexm/exception_handlers.o
 .debug_macro   0x000013c6       0xcf ./system/src/cortexm/exception_handlers.o
 .debug_macro   0x00001495       0x19 ./system/src/cortexm/exception_handlers.o
 .debug_macro   0x000014ae       0xbe ./system/src/cortexm/exception_handlers.o
 .debug_macro   0x0000156c       0x10 ./system/src/cortexm/exception_handlers.o
 .debug_macro   0x0000157c      0x15b ./system/src/cmsis/system_stm32f0xx.o
 .debug_macro   0x000016d7       0x34 ./system/src/cmsis/vectors_stm32f0xx.o
 .debug_macro   0x0000170b      0x236 ./src/delay.o
 .debug_macro   0x00001941      0x30b ./src/main.o
 .debug_macro   0x00001c4c       0x16 ./src/main.o
 .debug_macro   0x00001c62       0x97 ./src/main.o
 .debug_macro   0x00001cf9       0xfd ./src/main.o
 .debug_macro   0x00001df6       0x10 ./src/main.o
 .debug_macro   0x00001e06       0x16 ./src/main.o
 .debug_macro   0x00001e1c      0x197 ./src/main.o
 .debug_macro   0x00001fb3      0x30b ./src/motor.o
