Archive member included to satisfy reference by file (symbol)

c:/program files (x86)/gnu tools arm embedded/5.2 2015q4/bin/../lib/gcc/arm-none-eabi/5.2.1/armv6-m\libgcc.a(_udivsi3.o)
                              ./system/src/stm32f0-stdperiph/stm32f0xx_rcc.o (__aeabi_uidiv)
c:/program files (x86)/gnu tools arm embedded/5.2 2015q4/bin/../lib/gcc/arm-none-eabi/5.2.1/armv6-m\libgcc.a(_dvmd_tls.o)
                              c:/program files (x86)/gnu tools arm embedded/5.2 2015q4/bin/../lib/gcc/arm-none-eabi/5.2.1/armv6-m\libgcc.a(_udivsi3.o) (__aeabi_idiv0)
c:/program files (x86)/gnu tools arm embedded/5.2 2015q4/bin/../lib/gcc/arm-none-eabi/5.2.1/../../../../arm-none-eabi/lib/armv6-m\libg_nano.a(lib_a-errno.o)
                              ./system/src/newlib/_sbrk.o (__errno)
c:/program files (x86)/gnu tools arm embedded/5.2 2015q4/bin/../lib/gcc/arm-none-eabi/5.2.1/../../../../arm-none-eabi/lib/armv6-m\libg_nano.a(lib_a-impure.o)
                              c:/program files (x86)/gnu tools arm embedded/5.2 2015q4/bin/../lib/gcc/arm-none-eabi/5.2.1/../../../../arm-none-eabi/lib/armv6-m\libg_nano.a(lib_a-errno.o) (_impure_ptr)
c:/program files (x86)/gnu tools arm embedded/5.2 2015q4/bin/../lib/gcc/arm-none-eabi/5.2.1/../../../../arm-none-eabi/lib/armv6-m\libg_nano.a(lib_a-strcmp.o)
                              ./src/MotorCommunication.o (strcmp)
c:/program files (x86)/gnu tools arm embedded/5.2 2015q4/bin/../lib/gcc/arm-none-eabi/5.2.1/../../../../arm-none-eabi/lib/armv6-m\libg_nano.a(lib_a-strlen.o)
                              ./src/MotorCommunication.o (strlen)

Allocating common symbols
Common symbol       size              file

motor_speed         0x2               ./src/MotionControl.o
errno               0x4               ./system/src/newlib/_syscalls.o
target_rpm          0x2               ./src/MotionControl.o
UART_rx_buffer      0x10              ./src/MotorCommunication.o
halved_ticks        0x2               ./src/MotionControl.o
UART_msg            0x10              ./src/MotorCommunication.o
debouncer           0x4               ./src/main.o
SysTick_callback    0x4               ./src/MotionControl.o
adc_value           0x1               ./src/MotionControl.o
MOTOR_POSITION      0x4               ./src/MotionControl.o
error_integral      0x2               ./src/MotionControl.o
overshot            0x1               ./src/MotionControl.o
dir                 0x1               ./src/MotionControl.o
delay_tics          0x4               ./src/MotionControl.o
error               0x2               ./src/MotionControl.o
transmitBuffer      0x4               ./src/MotorCommunication.o
isArmed             0x4               ./src/MotorCommunication.o
motor_ticks         0x2               ./src/MotionControl.o
duty_cycle          0x1               ./src/MotionControl.o

Discarded input sections

 .group         0x00000000        0x8 ./system/src/stm32f0-stdperiph/stm32f0xx_gpio.o
 .group         0x00000000        0x8 ./system/src/stm32f0-stdperiph/stm32f0xx_gpio.o
 .group         0x00000000        0x8 ./system/src/stm32f0-stdperiph/stm32f0xx_gpio.o
 .group         0x00000000        0x8 ./system/src/stm32f0-stdperiph/stm32f0xx_gpio.o
 .group         0x00000000        0x8 ./system/src/stm32f0-stdperiph/stm32f0xx_gpio.o
 .group         0x00000000        0x8 ./system/src/stm32f0-stdperiph/stm32f0xx_gpio.o
 .group         0x00000000        0x8 ./system/src/stm32f0-stdperiph/stm32f0xx_gpio.o
 .group         0x00000000        0x8 ./system/src/stm32f0-stdperiph/stm32f0xx_gpio.o
 .group         0x00000000        0x8 ./system/src/stm32f0-stdperiph/stm32f0xx_gpio.o
 .group         0x00000000        0x8 ./system/src/stm32f0-stdperiph/stm32f0xx_gpio.o
 .group         0x00000000        0x8 ./system/src/stm32f0-stdperiph/stm32f0xx_gpio.o
 .group         0x00000000        0x8 ./system/src/stm32f0-stdperiph/stm32f0xx_gpio.o
 .group         0x00000000        0x8 ./system/src/stm32f0-stdperiph/stm32f0xx_gpio.o
 .group         0x00000000        0x8 ./system/src/stm32f0-stdperiph/stm32f0xx_gpio.o
 .group         0x00000000        0x8 ./system/src/stm32f0-stdperiph/stm32f0xx_gpio.o
 .group         0x00000000        0x8 ./system/src/stm32f0-stdperiph/stm32f0xx_gpio.o
 .group         0x00000000        0x8 ./system/src/stm32f0-stdperiph/stm32f0xx_gpio.o
 .group         0x00000000        0x8 ./system/src/stm32f0-stdperiph/stm32f0xx_gpio.o
 .group         0x00000000        0x8 ./system/src/stm32f0-stdperiph/stm32f0xx_gpio.o
 .group         0x00000000        0x8 ./system/src/stm32f0-stdperiph/stm32f0xx_gpio.o
 .group         0x00000000        0x8 ./system/src/stm32f0-stdperiph/stm32f0xx_gpio.o
 .group         0x00000000        0x8 ./system/src/stm32f0-stdperiph/stm32f0xx_gpio.o
 .group         0x00000000        0x8 ./system/src/stm32f0-stdperiph/stm32f0xx_gpio.o
 .group         0x00000000        0x8 ./system/src/stm32f0-stdperiph/stm32f0xx_gpio.o
[...]
Memory Configuration

Name             Origin             Length             Attributes
RAM              0x20000000         0x00002000         xrw
CCMRAM           0x00000000         0x00000000         xrw
FLASH            0x08000000         0x00010000         xr
FLASHB1          0x00000000         0x00000000         xr
EXTMEMB0         0x00000000         0x00000000         xr
EXTMEMB1         0x00000000         0x00000000         xr
EXTMEMB2         0x00000000         0x00000000         xr
EXTMEMB3         0x00000000         0x00000000         xr
MEMORY_ARRAY     0x00000000         0x00000000         xrw
*default*        0x00000000         0xffffffff

Linker script and memory map

LOAD ./system/src/stm32f0-stdperiph/stm32f0xx_gpio.o
LOAD ./system/src/stm32f0-stdperiph/stm32f0xx_rcc.o
LOAD ./system/src/stm32f0-stdperiph/stm32f0xx_tim.o
LOAD ./system/src/stm32f0-stdperiph/stm32f0xx_usart.o
LOAD ./system/src/newlib/_cxx.o
LOAD ./system/src/newlib/_exit.o
LOAD ./system/src/newlib/_sbrk.o
LOAD ./system/src/newlib/_startup.o
LOAD ./system/src/newlib/_syscalls.o
LOAD ./system/src/newlib/assert.o
LOAD ./system/src/diag/Trace.o
LOAD ./system/src/diag/trace_impl.o
LOAD ./system/src/cortexm/_initialize_hardware.o
LOAD ./system/src/cortexm/_reset_hardware.o
LOAD ./system/src/cortexm/exception_handlers.o
LOAD ./system/src/cmsis/system_stm32f0xx.o
LOAD ./system/src/cmsis/vectors_stm32f0xx.o
LOAD ./src/MotionControl.o
LOAD ./src/MotorCommunication.o
LOAD ./src/_write.o
LOAD ./src/delay.o
LOAD ./src/main.o
LOAD ./src/motor.o
LOAD c:/program files (x86)/gnu tools arm embedded/5.2 2015q4/bin/../lib/gcc/arm-none-eabi/5.2.1/../../../../arm-none-eabi/lib/armv6-m\libstdc++_nano.a
LOAD c:/program files (x86)/gnu tools arm embedded/5.2 2015q4/bin/../lib/gcc/arm-none-eabi/5.2.1/../../../../arm-none-eabi/lib/armv6-m\libm.a
START GROUP
LOAD c:/program files (x86)/gnu tools arm embedded/5.2 2015q4/bin/../lib/gcc/arm-none-eabi/5.2.1/armv6-m\libgcc.a
LOAD c:/program files (x86)/gnu tools arm embedded/5.2 2015q4/bin/../lib/gcc/arm-none-eabi/5.2.1/../../../../arm-none-eabi/lib/armv6-m\libg_nano.a
LOAD c:/program files (x86)/gnu tools arm embedded/5.2 2015q4/bin/../lib/gcc/arm-none-eabi/5.2.1/../../../../arm-none-eabi/lib/armv6-m\libc_nano.a
END GROUP
START GROUP
LOAD c:/program files (x86)/gnu tools arm embedded/5.2 2015q4/bin/../lib/gcc/arm-none-eabi/5.2.1/armv6-m\libgcc.a
LOAD c:/program files (x86)/gnu tools arm embedded/5.2 2015q4/bin/../lib/gcc/arm-none-eabi/5.2.1/../../../../arm-none-eabi/lib/armv6-m\libc_nano.a
END GROUP
                0x20002000                __stack = (ORIGIN (RAM) + LENGTH (RAM))
                0x20002000                _estack = __stack
                0x00000400                __Main_Stack_Size = 0x400
                [!provide]                PROVIDE (_Main_Stack_Size, __Main_Stack_Size)
                0x20001c00                __Main_Stack_Limit = (__stack - __Main_Stack_Size)
                [!provide]                PROVIDE (_Main_Stack_Limit, __Main_Stack_Limit)
                0x00000100                _Minimum_Stack_Size = 0x100
                0x20000088                PROVIDE (_Heap_Begin, _end_noinit)
                0x20001c00                PROVIDE (_Heap_Limit, (__stack - __Main_Stack_Size))

.isr_vector     0x08000000      0x218
 FILL mask 0xff
                0x08000000                __vectors_start = ABSOLUTE (.)
                0x08000000                __vectors_start__ = ABSOLUTE (.)
 *(.isr_vector)
 .isr_vector    0x08000000       0xc4 ./system/src/cmsis/vectors_stm32f0xx.o
                0x08000000                g_pfnVectors
 *(.cfmconfig)
 *(.after_vectors .after_vectors.*)
 .after_vectors
                0x080000c4      0x118 ./system/src/newlib/_startup.o
                0x080000c4                _start
 .after_vectors
                0x080001dc       0x38 ./system/src/cortexm/exception_handlers.o
                0x080001dc                Reset_Handler
                0x080001e4                NMI_Handler
                0x080001e8                HardFault_Handler
                0x08000200                HardFault_Handler_C
                0x08000204                SVC_Handler
                0x08000208                PendSV_Handler
 .after_vectors
                0x08000214        0x4 ./system/src/cmsis/vectors_stm32f0xx.o
                0x08000214                TIM1_CC_IRQHandler
                0x08000214                TSC_IRQHandler
                0x08000214                ADC1_COMP_IRQHandler
                0x08000214                PVD_IRQHandler
                0x08000214                I2C1_IRQHandler
                0x08000214                RCC_CRS_IRQHandler
                0x08000214                SPI1_IRQHandler
                0x08000214                USART3_4_IRQHandler
                0x08000214                EXTI2_3_IRQHandler
                0x08000214                ADC1_IRQHandler
                0x08000214                I2C2_IRQHandler
                0x08000214                TIM17_IRQHandler
                0x08000214                CEC_CAN_IRQHandler
                0x08000214                RTC_IRQHandler
                0x08000214                PVD_VDDIO2_IRQHandler
                0x08000214                DMA1_Channel4_5_6_7_IRQHandler
                0x08000214                TIM16_IRQHandler
                0x08000214                TIM3_IRQHandler
                0x08000214                RCC_IRQHandler
                0x08000214                EXTI4_15_IRQHandler
                0x08000214                DMA1_Channel1_IRQHandler
                0x08000214                Default_Handler
                0x08000214                CEC_IRQHandler
                0x08000214                TIM14_IRQHandler
                0x08000214                DMA1_Channel4_5_IRQHandler
                0x08000214                TIM7_IRQHandler
                0x08000214                TIM15_IRQHandler
                0x08000214                EXTI0_1_IRQHandler
                0x08000214                USB_IRQHandler
                0x08000214                SPI2_IRQHandler
                0x08000214                TS_IRQHandler
                0x08000214                WWDG_IRQHandler
                0x08000214                TIM2_IRQHandler
                0x08000214                DMA1_Channel2_3_IRQHandler
                0x08000214                FLASH_IRQHandler
                0x08000214                USART1_IRQHandler
                0x08000214                TIM1_BRK_UP_TRG_COM_IRQHandler

.inits          0x08000218       0x28
                0x08000218                __data_regions_array_start = .
                0x08000218        0x4 LONG 0x8001054 LOADADDR (.data)
                0x0800021c        0x4 LONG 0x20000000 ADDR (.data)
                0x08000220        0x4 LONG 0x20000028 (ADDR (.data) + SIZEOF (.data))
                0x08000224        0x4 LONG 0x8001054 LOADADDR (.data_CCMRAM)
                0x08000228        0x4 LONG 0x0 ADDR (.data_CCMRAM)
                0x0800022c        0x4 LONG 0x0 (ADDR (.data_CCMRAM) + SIZEOF (.data_CCMRAM))
                0x08000230                __data_regions_array_end = .
                0x08000230                __bss_regions_array_start = .
                0x08000230        0x4 LONG 0x20000028 ADDR (.bss)
                0x08000234        0x4 LONG 0x20000088 (ADDR (.bss) + SIZEOF (.bss))
                0x08000238        0x4 LONG 0x0 ADDR (.bss_CCMRAM)
                0x0800023c        0x4 LONG 0x0 (ADDR (.bss_CCMRAM) + SIZEOF (.bss_CCMRAM))
                0x08000240                __bss_regions_array_end = .
 *(.init)
 *(.fini)
                0x08000240                . = ALIGN (0x4)
                0x08000240                PROVIDE (__preinit_array_start, .)
 *(.preinit_array_sysinit .preinit_array_sysinit.*)
 *(.preinit_array_platform .preinit_array_platform.*)
 *(.preinit_array .preinit_array.*)
                0x08000240                PROVIDE (__preinit_array_end, .)
                0x08000240                . = ALIGN (0x4)
                0x08000240                PROVIDE (__init_array_start, .)
 *(SORT(.init_array.*))
 *(.init_array)
                0x08000240                PROVIDE (__init_array_end, .)
                0x08000240                . = ALIGN (0x4)
                0x08000240                PROVIDE (__fini_array_start, .)
 *(SORT(.fini_array.*))
 *(.fini_array)
                0x08000240                PROVIDE (__fini_array_end, .)

.flashtext
 *(.flashtext .flashtext.*)

.text           0x08000240      0xe14
 *(.text .text.*)
 .text.USART_ReceiveData
                0x08000240       0x44 ./system/src/stm32f0-stdperiph/stm32f0xx_usart.o
                0x08000240                USART_ReceiveData
 .text.USART_GetITStatus
                0x08000284      0x118 ./system/src/stm32f0-stdperiph/stm32f0xx_usart.o
                0x08000284                USART_GetITStatus
 .text._exit    0x0800039c        0x4 ./system/src/newlib/_exit.o
                0x0800039c                _exit
 .text.abort    0x080003a0        0x8 ./system/src/newlib/_exit.o
                0x080003a0                abort
 .text.__initialize_args
                0x080003a8       0x10 ./system/src/newlib/_syscalls.o
                0x080003a8                __initialize_args
 .text.assert_failed
                0x080003b8        0x8 ./system/src/newlib/assert.o
                0x080003b8                assert_failed
 .text.__initialize_hardware_early
                0x080003c0        0x8 ./system/src/cortexm/_initialize_hardware.o
                0x080003c0                __initialize_hardware_early
 .text.__initialize_hardware
                0x080003c8        0x8 ./system/src/cortexm/_initialize_hardware.o
                0x080003c8                __initialize_hardware
 .text.SetSysClock
                0x080003d0       0xb0 ./system/src/cmsis/system_stm32f0xx.o
 .text.SystemInit
                0x08000480       0x64 ./system/src/cmsis/system_stm32f0xx.o
                0x08000480                SystemInit
 .text.SystemCoreClockUpdate
                0x080004e4       0x94 ./system/src/cmsis/system_stm32f0xx.o
                0x080004e4                SystemCoreClockUpdate
 .text.UART_Init
                0x08000578       0x9c ./src/MotorCommunication.o
                0x08000578                UART_Init
 .text.USART2_IRQHandler
                0x08000614      0x13c ./src/MotorCommunication.o
                0x08000614                USART2_IRQHandler
 .text.delay_init
                0x08000750       0x68 ./src/delay.o
                0x08000750                delay_init
 .text.delay_ms
                0x080007b8       0x18 ./src/delay.o
                0x080007b8                delay_ms
 .text.SysTick_setCallback
                0x080007d0        0xc ./src/delay.o
                0x080007d0                SysTick_setCallback
 .text.SysTick_Handler
                0x080007dc       0x28 ./src/delay.o
                0x080007dc                SysTick_Handler
 .text.debounce_button
                0x08000804       0x24 ./src/main.o
                0x08000804                debounce_button
 .text.LED_init
                0x08000828       0x48 ./src/main.o
                0x08000828                LED_init
 .text.button_init
                0x08000870       0x34 ./src/main.o
                0x08000870                button_init
 .text.main     0x080008a4       0x44 ./src/main.o
                0x080008a4                main
 .text.motor_go
                0x080008e8       0x54 ./src/motor.o
                0x080008e8                motor_go
 .text.set_initial_target_rpm
                0x0800093c       0x58 ./src/motor.o
                0x0800093c                set_initial_target_rpm
 .text.apply_electronic_break
                0x08000994       0x1c ./src/motor.o
                0x08000994                apply_electronic_break
 .text.motor_stop
                0x080009b0       0x1c ./src/motor.o
                0x080009b0                motor_stop
 .text.move_motor
                0x080009cc      0x1f4 ./src/motor.o
                0x080009cc                move_motor
 .text.pwm_init
                0x08000bc0       0xa4 ./src/motor.o
                0x08000bc0                pwm_init
 .text.pwm_setDutyCycle
                0x08000c64       0x1c ./src/motor.o
                0x08000c64                pwm_setDutyCycle
 .text.encoder_init
                0x08000c80       0xc0 ./src/motor.o
                0x08000c80                encoder_init
 .text.ADC_init
                0x08000d40       0x80 ./src/motor.o
                0x08000d40                ADC_init
 .text.motor_init
                0x08000dc0       0x10 ./src/motor.o
                0x08000dc0                motor_init
 .text.PI_update
                0x08000dd0       0xfc ./src/motor.o
                0x08000dd0                PI_update
 .text.TIM6_DAC_IRQHandler
                0x08000ecc       0x3c ./src/motor.o
                0x08000ecc                TIM6_DAC_IRQHandler
 .text          0x08000f08      0x114 c:/program files (x86)/gnu tools arm embedded/5.2 2015q4/bin/../lib/gcc/arm-none-eabi/5.2.1/armv6-m\libgcc.a(_udivsi3.o)
                0x08000f08                __aeabi_uidiv
                0x08000f08                __udivsi3
                0x08001014                __aeabi_uidivmod
 .text          0x0800101c        0x4 c:/program files (x86)/gnu tools arm embedded/5.2 2015q4/bin/../lib/gcc/arm-none-eabi/5.2.1/armv6-m\libgcc.a(_dvmd_tls.o)
                0x0800101c                __aeabi_idiv0
                0x0800101c                __aeabi_ldiv0
 *(.rodata .rodata.* .constdata .constdata.*)
 .rodata.str1.4
                0x08001020       0x34 ./system/src/stm32f0-stdperiph/stm32f0xx_usart.o
                                 0x32 (size before relaxing)
 *(vtable)
 *(.eh_frame*)
 *(.glue_7)
 .glue_7        0x08001054        0x0 linker stubs
 *(.glue_7t)
 .glue_7t       0x08001054        0x0 linker stubs

.vfp11_veneer   0x08001054        0x0
 .vfp11_veneer  0x08001054        0x0 linker stubs

.v4_bx          0x08001054        0x0
 .v4_bx         0x08001054        0x0 linker stubs

.iplt           0x08001054        0x0
 .iplt          0x08001054        0x0 ./system/src/stm32f0-stdperiph/stm32f0xx_gpio.o

.rel.dyn        0x08001054        0x0
 .rel.iplt      0x08001054        0x0 ./system/src/stm32f0-stdperiph/stm32f0xx_gpio.o

.ARM.extab
 *(.ARM.extab* .gnu.linkonce.armextab.*)
                0x08001054                . = ALIGN (0x4)
                0x08001054                __exidx_start = .

.ARM.exidx
 *(.ARM.exidx* .gnu.linkonce.armexidx.*)
                0x08001054                __exidx_end = .
                0x08001054                . = ALIGN (0x4)
                0x08001054                _etext = .
                0x08001054                __etext = .

.data_CCMRAM    0x00000000        0x0 load address 0x08001054
 FILL mask 0xff
 *(.data.CCMRAM .data.CCMRAM.*)
                0x00000000                . = ALIGN (0x4)
                0x08001054                _sidata = LOADADDR (.data)

.data           0x20000000       0x28 load address 0x08001054
 FILL mask 0xff
                0x20000000                _sdata = .
                0x20000000                __data_start__ = .
 *(.data_begin .data_begin.*)
 .data_begin    0x20000000        0x4 ./system/src/newlib/_startup.o
 *(.data .data.*)
 .data.argv.4231
                0x20000004        0x8 ./system/src/newlib/_syscalls.o
 .data.AHBPrescTable
                0x2000000c       0x10 ./system/src/cmsis/system_stm32f0xx.o
                0x2000000c                AHBPrescTable
 .data.SystemCoreClock
                0x2000001c        0x4 ./system/src/cmsis/system_stm32f0xx.o
                0x2000001c                SystemCoreClock
 .data.Kp       0x20000020        0x1 ./src/motor.o
                0x20000020                Kp
 .data.Ki       0x20000021        0x1 ./src/motor.o
                0x20000021                Ki
 *(.data_end .data_end.*)
 *fill*         0x20000022        0x2 ff
 .data_end      0x20000024        0x4 ./system/src/newlib/_startup.o
                0x20000028                . = ALIGN (0x4)
                0x20000028                _edata = .
                0x20000028                __data_end__ = .

.igot.plt       0x20000028        0x0 load address 0x0800107c
 .igot.plt      0x20000028        0x0 ./system/src/stm32f0-stdperiph/stm32f0xx_gpio.o

.bss_CCMRAM     0x00000000        0x0
 *(.bss.CCMRAM .bss.CCMRAM.*)

.bss            0x20000028       0x60
                0x20000028                __bss_start__ = .
                0x20000028                _sbss = .
 *(.bss_begin .bss_begin.*)
 .bss_begin     0x20000028        0x4 ./system/src/newlib/_startup.o
 *(.bss .bss.*)
 .bss.name.4230
                0x2000002c        0x1 ./system/src/newlib/_syscalls.o
 .bss.UART_rx_counter
                0x2000002d        0x1 ./src/MotorCommunication.o
                0x2000002d                UART_rx_counter
 *fill*         0x2000002e        0x2 
 .bss.encoder_count
                0x20000030        0x4 ./src/main.o
                0x20000030                encoder_count
 *(COMMON)
 COMMON         0x20000034       0x21 ./src/MotionControl.o
                0x20000034                motor_speed
                0x20000036                target_rpm
                0x20000038                halved_ticks
                0x2000003c                SysTick_callback
                0x20000040                adc_value
                0x20000044                MOTOR_POSITION
                0x20000048                error_integral
                0x2000004a                overshot
                0x2000004b                dir
                0x2000004c                delay_tics
                0x20000050                error
                0x20000052                motor_ticks
                0x20000054                duty_cycle
 *fill*         0x20000055        0x3 
 COMMON         0x20000058       0x28 ./src/MotorCommunication.o
                0x20000058                UART_rx_buffer
                0x20000068                UART_msg
                0x20000078                transmitBuffer
                0x2000007c                isArmed
 COMMON         0x20000080        0x4 ./src/main.o
                0x20000080                debouncer
 *(.bss_end .bss_end.*)
 .bss_end       0x20000084        0x4 ./system/src/newlib/_startup.o
                0x20000088                . = ALIGN (0x4)
                0x20000088                __bss_end__ = .
                0x20000088                _ebss = .

.noinit_CCMRAM
 *(.noinit.CCMRAM .noinit.CCMRAM.*)

.noinit         0x20000088        0x0
                0x20000088                _noinit = .
 *(.noinit .noinit.*)
                0x20000088                . = ALIGN (0x4)
                0x20000088                _end_noinit = .
                [!provide]                PROVIDE (end, _end_noinit)
                [!provide]                PROVIDE (_end, _end_noinit)
                [!provide]                PROVIDE (__end, _end_noinit)
                [!provide]                PROVIDE (__end__, _end_noinit)

._check_stack   0x20000088      0x100
                0x20000188                . = (. + _Minimum_Stack_Size)
 *fill*         0x20000088      0x100 

.b1text
 *(.b1text)
 *(.b1rodata)
 *(.b1rodata.*)

.eb0text
 *(.eb0text)
 *(.eb0rodata)
 *(.eb0rodata.*)

.eb1text
 *(.eb1text)
 *(.eb1rodata)
 *(.eb1rodata.*)

.eb2text
 *(.eb2text)
 *(.eb2rodata)
 *(.eb2rodata.*)

.eb3text
 *(.eb3text)
 *(.eb3rodata)
 *(.eb3rodata.*)

.stab
 *(.stab)

.stabstr
 *(.stabstr)

.stab.excl
 *(.stab.excl)

.stab.exclstr
 *(.stab.exclstr)

.stab.index
 *(.stab.index)

.stab.indexstr
 *(.stab.indexstr)

.comment        0x00000000       0x6e
 *(.comment)
 .comment       0x00000000       0x6e ./system/src/stm32f0-stdperiph/stm32f0xx_usart.o
                                 0x6f (size before relaxing)
 .comment       0x0000006e       0x6f ./system/src/newlib/_exit.o
 .comment       0x0000006e       0x6f ./system/src/newlib/_startup.o
 .comment       0x0000006e       0x6f ./system/src/newlib/_syscalls.o
 .comment       0x0000006e       0x6f ./system/src/newlib/assert.o
 .comment       0x0000006e       0x6f ./system/src/cortexm/_initialize_hardware.o
 .comment       0x0000006e       0x6f ./system/src/cortexm/exception_handlers.o
 .comment       0x0000006e       0x6f ./system/src/cmsis/system_stm32f0xx.o
 .comment       0x0000006e       0x6f ./system/src/cmsis/vectors_stm32f0xx.o
 .comment       0x0000006e       0x6f ./src/MotionControl.o
 .comment       0x0000006e       0x6f ./src/MotorCommunication.o
 .comment       0x0000006e       0x6f ./src/delay.o
 .comment       0x0000006e       0x6f ./src/main.o
 .comment       0x0000006e       0x6f ./src/motor.o

.ARM.attributes
                0x00000000       0x2f
 .ARM.attributes
                0x00000000       0x31 ./system/src/stm32f0-stdperiph/stm32f0xx_usart.o
 .ARM.attributes
                0x00000031       0x31 ./system/src/newlib/_exit.o
 .ARM.attributes
                0x00000062       0x31 ./system/src/newlib/_startup.o
 .ARM.attributes
                0x00000093       0x31 ./system/src/newlib/_syscalls.o
 .ARM.attributes
                0x000000c4       0x31 ./system/src/newlib/assert.o
 .ARM.attributes
                0x000000f5       0x31 ./system/src/cortexm/_initialize_hardware.o
 .ARM.attributes
                0x00000126       0x31 ./system/src/cortexm/exception_handlers.o
 .ARM.attributes
                0x00000157       0x31 ./system/src/cmsis/system_stm32f0xx.o
 .ARM.attributes
                0x00000188       0x31 ./system/src/cmsis/vectors_stm32f0xx.o
 .ARM.attributes
                0x000001b9       0x31 ./src/MotionControl.o
 .ARM.attributes
                0x000001ea       0x31 ./src/MotorCommunication.o
 .ARM.attributes
                0x0000021b       0x31 ./src/delay.o
 .ARM.attributes
                0x0000024c       0x31 ./src/main.o
 .ARM.attributes
                0x0000027d       0x31 ./src/motor.o
 .ARM.attributes
                0x000002ae       0x1e c:/program files (x86)/gnu tools arm embedded/5.2 2015q4/bin/../lib/gcc/arm-none-eabi/5.2.1/armv6-m\libgcc.a(_udivsi3.o)
 .ARM.attributes
                0x000002cc       0x1e c:/program files (x86)/gnu tools arm embedded/5.2 2015q4/bin/../lib/gcc/arm-none-eabi/5.2.1/armv6-m\libgcc.a(_dvmd_tls.o)

.debug
 *(.debug)

.line
 *(.line)

.debug_srcinfo
 *(.debug_srcinfo)

.debug_sfnames
 *(.debug_sfnames)

.debug_aranges  0x00000000      0x498
 *(.debug_aranges)
 .debug_aranges
                0x00000000      0x1a0 ./system/src/stm32f0-stdperiph/stm32f0xx_usart.o
 .debug_aranges
                0x000001a0       0x28 ./system/src/newlib/_exit.o
 .debug_aranges
                0x000001c8       0x40 ./system/src/newlib/_startup.o
 .debug_aranges
                0x00000208       0x30 ./system/src/newlib/_syscalls.o
 .debug_aranges
                0x00000238       0x28 ./system/src/newlib/assert.o
 .debug_aranges
                0x00000260       0x28 ./system/src/cortexm/_initialize_hardware.o
 .debug_aranges
                0x00000288       0x50 ./system/src/cortexm/exception_handlers.o
 .debug_aranges
                0x000002d8       0x30 ./system/src/cmsis/system_stm32f0xx.o
 .debug_aranges
                0x00000308       0x20 ./system/src/cmsis/vectors_stm32f0xx.o
 .debug_aranges
                0x00000328       0x30 ./src/MotionControl.o
 .debug_aranges
                0x00000358       0x50 ./src/MotorCommunication.o
 .debug_aranges
                0x000003a8       0x40 ./src/delay.o
 .debug_aranges
                0x000003e8       0x38 ./src/main.o
 .debug_aranges
                0x00000420       0x78 ./src/motor.o

.debug_pubnames
 *(.debug_pubnames)

.debug_info     0x00000000     0x5642
 *(.debug_info .gnu.linkonce.wi.*)
 .debug_info    0x00000000     0x1ac4 ./system/src/stm32f0-stdperiph/stm32f0xx_usart.o
 .debug_info    0x00001ac4       0xee ./system/src/newlib/_exit.o
 .debug_info    0x00001bb2      0x454 ./system/src/newlib/_startup.o
 .debug_info    0x00002006      0x1bc ./system/src/newlib/_syscalls.o
 .debug_info    0x000021c2      0x16c ./system/src/newlib/assert.o
 .debug_info    0x0000232e       0xcb ./system/src/cortexm/_initialize_hardware.o
 .debug_info    0x000023f9      0x1c4 ./system/src/cortexm/exception_handlers.o
 .debug_info    0x000025bd      0x2ec ./system/src/cmsis/system_stm32f0xx.o
 .debug_info    0x000028a9       0xd1 ./system/src/cmsis/vectors_stm32f0xx.o
 .debug_info    0x0000297a      0xa91 ./src/MotionControl.o
 .debug_info    0x0000340b      0xba8 ./src/MotorCommunication.o
 .debug_info    0x00003fb3      0x4ea ./src/delay.o
 .debug_info    0x0000449d      0x662 ./src/main.o
 .debug_info    0x00004aff      0xb43 ./src/motor.o

.debug_abbrev   0x00000000     0x1341
 *(.debug_abbrev)
 .debug_abbrev  0x00000000      0x1c9 ./system/src/stm32f0-stdperiph/stm32f0xx_usart.o
 .debug_abbrev  0x000001c9       0xbd ./system/src/newlib/_exit.o
 .debug_abbrev  0x00000286      0x1ac ./system/src/newlib/_startup.o
 .debug_abbrev  0x00000432       0xec ./system/src/newlib/_syscalls.o
 .debug_abbrev  0x0000051e       0xb9 ./system/src/newlib/assert.o
 .debug_abbrev  0x000005d7       0x63 ./system/src/cortexm/_initialize_hardware.o
 .debug_abbrev  0x0000063a      0x100 ./system/src/cortexm/exception_handlers.o
 .debug_abbrev  0x0000073a      0x148 ./system/src/cmsis/system_stm32f0xx.o
 .debug_abbrev  0x00000882       0x9d ./system/src/cmsis/vectors_stm32f0xx.o
 .debug_abbrev  0x0000091f      0x16c ./src/MotionControl.o
 .debug_abbrev  0x00000a8b      0x2f6 ./src/MotorCommunication.o
 .debug_abbrev  0x00000d81      0x20c ./src/delay.o
 .debug_abbrev  0x00000f8d      0x152 ./src/main.o
 .debug_abbrev  0x000010df      0x262 ./src/motor.o

.debug_line     0x00000000     0x4b65
 *(.debug_line)
 .debug_line    0x00000000      0xe7e ./system/src/stm32f0-stdperiph/stm32f0xx_usart.o
 .debug_line    0x00000e7e      0x30d ./system/src/newlib/_exit.o
 .debug_line    0x0000118b      0x376 ./system/src/newlib/_startup.o
 .debug_line    0x00001501      0x3c4 ./system/src/newlib/_syscalls.o
 .debug_line    0x000018c5      0x336 ./system/src/newlib/assert.o
 .debug_line    0x00001bfb      0x382 ./system/src/cortexm/_initialize_hardware.o
 .debug_line    0x00001f7d      0x627 ./system/src/cortexm/exception_handlers.o
 .debug_line    0x000025a4      0x3c0 ./system/src/cmsis/system_stm32f0xx.o
 .debug_line    0x00002964      0x103 ./system/src/cmsis/vectors_stm32f0xx.o
 .debug_line    0x00002a67      0x6da ./src/MotionControl.o
 .debug_line    0x00003141      0x73e ./src/MotorCommunication.o
 .debug_line    0x0000387f      0x56a ./src/delay.o
 .debug_line    0x00003de9      0x632 ./src/main.o
 .debug_line    0x0000441b      0x74a ./src/motor.o

.debug_frame    0x00000000      0xae8
 *(.debug_frame)
 .debug_frame   0x00000000      0x550 ./system/src/stm32f0-stdperiph/stm32f0xx_usart.o
 .debug_frame   0x00000550       0x38 ./system/src/newlib/_exit.o
 .debug_frame   0x00000588       0x80 ./system/src/newlib/_startup.o
 .debug_frame   0x00000608       0x50 ./system/src/newlib/_syscalls.o
 .debug_frame   0x00000658       0x40 ./system/src/newlib/assert.o
 .debug_frame   0x00000698       0x40 ./system/src/cortexm/_initialize_hardware.o
 .debug_frame   0x000006d8       0x88 ./system/src/cortexm/exception_handlers.o
 .debug_frame   0x00000760       0x54 ./system/src/cmsis/system_stm32f0xx.o
 .debug_frame   0x000007b4       0x20 ./system/src/cmsis/vectors_stm32f0xx.o
 .debug_frame   0x000007d4       0x54 ./src/MotionControl.o
 .debug_frame   0x00000828       0xc4 ./src/MotorCommunication.o
 .debug_frame   0x000008ec       0x70 ./src/delay.o
 .debug_frame   0x0000095c       0x58 ./src/main.o
 .debug_frame   0x000009b4      0x114 ./src/motor.o
 .debug_frame   0x00000ac8       0x20 c:/program files (x86)/gnu tools arm embedded/5.2 2015q4/bin/../lib/gcc/arm-none-eabi/5.2.1/armv6-m\libgcc.a(_udivsi3.o)

.debug_str      0x00000000    0x463d6
 *(.debug_str)
 .debug_str     0x00000000    0x3f7df ./system/src/stm32f0-stdperiph/stm32f0xx_usart.o
                              0x3f97b (size before relaxing)
 .debug_str     0x0003f7df     0x4353 ./system/src/newlib/_exit.o
                               0x684a (size before relaxing)
 .debug_str     0x00043b32      0x26b ./system/src/newlib/_startup.o
                               0x57f6 (size before relaxing)
 .debug_str     0x00043d9d     0x1275 ./system/src/newlib/_syscalls.o
                               0x6aa3 (size before relaxing)
 .debug_str     0x00045012       0xe6 ./system/src/newlib/assert.o
                               0x735a (size before relaxing)
 .debug_str     0x000450f8       0x67 ./system/src/cortexm/_initialize_hardware.o
                              0x3f06a (size before relaxing)
 .debug_str     0x0004515f      0x15f ./system/src/cortexm/exception_handlers.o
                              0x43482 (size before relaxing)
 .debug_str     0x000452be      0x101 ./system/src/cmsis/system_stm32f0xx.o
                              0x3f118 (size before relaxing)
 .debug_str     0x000453bf       0x56 ./system/src/cmsis/vectors_stm32f0xx.o
                               0x2ee0 (size before relaxing)
 .debug_str     0x00045415      0x9e3 ./src/MotionControl.o
                              0x43e46 (size before relaxing)
 .debug_str     0x00045df8      0x398 ./src/MotorCommunication.o
                              0x441e4 (size before relaxing)
 .debug_str     0x00046190       0x7a ./src/delay.o
                              0x41f8c (size before relaxing)
 .debug_str     0x0004620a       0xf6 ./src/main.o
                              0x43ed1 (size before relaxing)
 .debug_str     0x00046300       0xd6 ./src/motor.o
                              0x4416b (size before relaxing)

.debug_loc      0x00000000     0x230e
 *(.debug_loc)
 .debug_loc     0x00000000     0x13e3 ./system/src/stm32f0-stdperiph/stm32f0xx_usart.o
 .debug_loc     0x000013e3      0x265 ./system/src/newlib/_startup.o
 .debug_loc     0x00001648       0x63 ./system/src/newlib/_syscalls.o
 .debug_loc     0x000016ab       0xc6 ./system/src/newlib/assert.o
 .debug_loc     0x00001771       0xee ./system/src/cmsis/system_stm32f0xx.o
 .debug_loc     0x0000185f      0x5ed ./src/MotionControl.o
 .debug_loc     0x00001e4c      0x28e ./src/MotorCommunication.o
 .debug_loc     0x000020da       0x82 ./src/delay.o
 .debug_loc     0x0000215c       0x42 ./src/main.o
 .debug_loc     0x0000219e      0x170 ./src/motor.o

.debug_macinfo
 *(.debug_macinfo)

.debug_weaknames
 *(.debug_weaknames)

.debug_funcnames
 *(.debug_funcnames)

.debug_typenames
 *(.debug_typenames)

.debug_varnames
 *(.debug_varnames)
OUTPUT(DCMotorControl.elf elf32-littlearm)

.debug_ranges   0x00000000      0x430
 .debug_ranges  0x00000000      0x190 ./system/src/stm32f0-stdperiph/stm32f0xx_usart.o
 .debug_ranges  0x00000190       0x18 ./system/src/newlib/_exit.o
 .debug_ranges  0x000001a8       0x48 ./system/src/newlib/_startup.o
 .debug_ranges  0x000001f0       0x20 ./system/src/newlib/_syscalls.o
 .debug_ranges  0x00000210       0x18 ./system/src/newlib/assert.o
 .debug_ranges  0x00000228       0x18 ./system/src/cortexm/_initialize_hardware.o
 .debug_ranges  0x00000240       0x40 ./system/src/cortexm/exception_handlers.o
 .debug_ranges  0x00000280       0x20 ./system/src/cmsis/system_stm32f0xx.o
 .debug_ranges  0x000002a0       0x10 ./system/src/cmsis/vectors_stm32f0xx.o
 .debug_ranges  0x000002b0       0x20 ./src/MotionControl.o
 .debug_ranges  0x000002d0       0xa0 ./src/MotorCommunication.o
 .debug_ranges  0x00000370       0x30 ./src/delay.o
 .debug_ranges  0x000003a0       0x28 ./src/main.o
 .debug_ranges  0x000003c8       0x68 ./src/motor.o

.debug_macro    0x00000000     0x2fb5
 .debug_macro   0x00000000      0x17d ./system/src/stm32f0-stdperiph/stm32f0xx_usart.o
 .debug_macro   0x0000017d      0x34d ./system/src/stm32f0-stdperiph/stm32f0xx_usart.o
 .debug_macro   0x000004ca      0x172 ./system/src/newlib/_exit.o
 .debug_macro   0x0000063c       0x9c ./system/src/newlib/_exit.o
 .debug_macro   0x000006d8      0x10e ./system/src/newlib/_exit.o
 .debug_macro   0x000007e6       0x8d ./system/src/newlib/_exit.o
 .debug_macro   0x00000873       0x43 ./system/src/newlib/_exit.o
 .debug_macro   0x000008b6      0x329 ./system/src/newlib/_exit.o
 .debug_macro   0x00000bdf       0x35 ./system/src/newlib/_exit.o
 .debug_macro   0x00000c14      0x138 ./system/src/newlib/_startup.o
 .debug_macro   0x00000d4c      0x1c6 ./system/src/newlib/_syscalls.o
 .debug_macro   0x00000f12       0x1c ./system/src/newlib/_syscalls.o
 .debug_macro   0x00000f2e       0x10 ./system/src/newlib/_syscalls.o
 .debug_macro   0x00000f3e       0x10 ./system/src/newlib/_syscalls.o
 .debug_macro   0x00000f4e       0x10 ./system/src/newlib/_syscalls.o
 .debug_macro   0x00000f5e       0x35 ./system/src/newlib/_syscalls.o
 .debug_macro   0x00000f93      0x122 ./system/src/newlib/_syscalls.o
 .debug_macro   0x000010b5       0x88 ./system/src/newlib/_syscalls.o
 .debug_macro   0x0000113d       0x2b ./system/src/newlib/_syscalls.o
 .debug_macro   0x00001168      0x118 ./system/src/newlib/_syscalls.o
 .debug_macro   0x00001280      0x159 ./system/src/newlib/_syscalls.o
 .debug_macro   0x000013d9       0x16 ./system/src/newlib/_syscalls.o
 .debug_macro   0x000013ef      0x18e ./system/src/newlib/assert.o
 .debug_macro   0x0000157d       0x1c ./system/src/newlib/assert.o
 .debug_macro   0x00001599      0x165 ./system/src/cortexm/_initialize_hardware.o
 .debug_macro   0x000016fe      0x2cf ./system/src/cortexm/exception_handlers.o
 .debug_macro   0x000019cd       0x3b ./system/src/cortexm/exception_handlers.o
 .debug_macro   0x00001a08       0x22 ./system/src/cortexm/exception_handlers.o
 .debug_macro   0x00001a2a       0x10 ./system/src/cortexm/exception_handlers.o
 .debug_macro   0x00001a3a       0xcf ./system/src/cortexm/exception_handlers.o
 .debug_macro   0x00001b09       0x19 ./system/src/cortexm/exception_handlers.o
 .debug_macro   0x00001b22       0xbe ./system/src/cortexm/exception_handlers.o
 .debug_macro   0x00001be0       0x10 ./system/src/cortexm/exception_handlers.o
 .debug_macro   0x00001bf0      0x15b ./system/src/cmsis/system_stm32f0xx.o
 .debug_macro   0x00001d4b       0x34 ./system/src/cmsis/vectors_stm32f0xx.o
 .debug_macro   0x00001d7f      0x32c ./src/MotionControl.o
 .debug_macro   0x000020ab       0x16 ./src/MotionControl.o
 .debug_macro   0x000020c1       0x97 ./src/MotionControl.o
 .debug_macro   0x00002158       0xfd ./src/MotionControl.o
 .debug_macro   0x00002255       0x10 ./src/MotionControl.o
 .debug_macro   0x00002265       0x16 ./src/MotionControl.o
 .debug_macro   0x0000227b      0x197 ./src/MotionControl.o
 .debug_macro   0x00002412       0x16 ./src/MotionControl.o
 .debug_macro   0x00002428      0x31b ./src/MotorCommunication.o
 .debug_macro   0x00002743       0x1c ./src/MotorCommunication.o
 .debug_macro   0x0000275f      0x236 ./src/delay.o
 .debug_macro   0x00002995      0x315 ./src/main.o
 .debug_macro   0x00002caa      0x30b ./src/motor.o
